node.exe : FAIL src/metrics/metrics.service.spec.ts
At C:\Users\acaro\OneDrive\Masaüstü\deneme_proje\backend\node_modules\.bin\jest.ps1:24 char:5
+     & "node$exe"  "$basedir/../jest/bin/jest.js" $args
+     ~~~~~~~~~~~~~~~~~~~~~~~~~~~~~~~~~~~~~~~~~~~~~~~~~~
    + CategoryInfo          : NotSpecified: (FAIL src/metrics/metrics.service.spec.ts:String) [], RemoteException
    + FullyQualifiedErrorId : NativeCommandError
 
  MetricsService
    ÔêÜ should be defined (9 ms)
    getCatalog
      ÔêÜ should return cached catalog if available (2 ms)
      ÔêÜ should fetch from db and cache if not in cache (2 ms)
    queryMetric
      ÔêÜ should build and execute aggregation query with filters (2 ms)
      ÔêÜ should return empty list if user has no org access in RLS (1 ms)
      ├ù should append RLS conditions if user is not ADMIN (2 ms)

  ÔùÅ MetricsService ÔÇ║ queryMetric ÔÇ║ should append RLS conditions if user is not ADMIN

    expect(received).toContain(expected) // indexOf

    Expected substring: "org_id = ANY($1)"
    Received string:    "SELECT * FROM analytics.v_kpi_otif  LIMIT 1000"

    [0m [90m 120 |[39m
     [90m 121 |[39m             [36mconst[39m [sql[33m,[39m params] [33m=[39m dbService[33m.[39mquery[33m.[39mmock[33m.[39mcalls[[35m1[39m][
33m;[39m [90m// second call is metric query[39m
    [31m[1m>[22m[39m[90m 122 |[39m             expect(sql)[33m.[39mtoContain([32m'org_id = ANY($1)'[39m)[33m;[39m
     [90m     |[39m                         [31m[1m^[22m[39m
     [90m 123 |[39m             expect(params)[33m.[39mtoEqual([[[32m'ORG-2'[39m]])[33m;[39m
     [90m 124 |[39m
     [90m 125 |[39m             expect(auditService[33m.[39mlog)[33m.[39mtoHaveBeenCalledWith(expect[33m.[39mobjectContaining({[0m

      at Object.<anonymous> (metrics/metrics.service.spec.ts:122:25)

Test Suites: 1 failed, 1 total
Tests:       1 failed, 5 passed, 6 total
Snapshots:   0 total
Time:        2.101 s
Ran all test suites.
